[05-03 13:29:44] ============================================================
[05-03 13:29:44] 计划管理监控启动
[05-03 13:29:44] 扫描凯总巴西漏包...
[05-03 13:48:28] 发现 1306 个漏包: {'launched': 532, 'draft': 774}, Carrier: {'smart': 547, 'globe': 759}
[05-03 13:56:05] ============================================================
[05-03 13:56:05] 计划管理监控启动
[05-03 13:56:05] 扫描凯总巴西漏包...
[05-03 14:07:59] 发现 1181 个漏包: {'launched': 547, 'draft': 634}, Carrier: {'smart': 470, 'globe': 708, 'unknown': 3}
[05-03 14:11:49] ============================================================
[05-03 14:11:49] 计划管理监控启动
[05-03 14:11:49] 扫描凯总巴西漏包...
[05-03 14:12:39] ============================================================
[05-03 14:12:39] 计划管理监控启动
[05-03 14:12:39] 扫描凯总巴西漏包...
[05-03 14:13:32] 发现 296 个漏包: {'draft': 21, 'launched': 275}, Carrier: {'globe': 169, 'smart': 122, 'unknown': 5}
[05-03 14:14:49] ==================================================
[05-03 14:14:49] 计划管理监控启动
[05-03 14:15:09] 扫描: 0漏包 状态={} Globe=0 Smart=0
[05-03 14:15:09] 完成: 0发送(0G+0S) 0失败 耗时20s
[05-03 14:15:09] ==================================================
[05-03 14:16:49] ==================================================
[05-03 14:16:49] 计划管理监控启动
[05-03 14:20:29] 扫描: 399漏包 状态={'draft': 62, 'launched': 337} Globe=224 Smart=170
[05-03 14:22:33] 完成: 201 已发送 (140G + 61S), 66 失败, 耗时 594s
[05-03 14:22:33] ============================================================
[05-03 14:30:58]   进度: 31/399 (16G+15S) 速率=0/s 失败=263
[05-03 14:30:58] 完成: 31发送(16G+15S) 263失败 耗时849s
[05-03 14:30:58] ==================================================
[05-03 14:32:58] ==================================================
[05-03 14:32:58] 计划管理监控启动
[05-03 14:37:43] 扫描: 811漏包 状态={'draft': 421, 'launched': 388, 'scheduled': 2} Globe=446 Smart=360
[05-03 14:40:40]   进度: 100/811 (59G+41S) 速率=1/s 失败=4
[05-03 14:43:36]   进度: 200/811 (116G+84S) 速率=1/s 失败=5
[05-03 14:46:30]   进度: 300/811 (173G+127S) 速率=1/s 失败=7
[05-03 14:49:31]   进度: 400/811 (220G+180S) 速率=1/s 失败=10
[05-03 14:53:01]   进度: 500/811 (265G+235S) 速率=1/s 失败=74
[05-03 14:54:49]   进度: 600/811 (363G+237S) 速率=1/s 失败=74
[05-03 14:57:02]   进度: 657/811 (373G+284S) 速率=1/s 失败=74
[05-03 14:57:03] 完成: 657发送(373G+284S) 74失败 耗时1445s
[05-03 14:57:03] ==================================================
[05-03 14:57:57] ==================================================
[05-03 14:57:57] 计划管理监控启动
[05-03 15:00:42] 扫描: 289漏包 状态={'launched': 289} Globe=167 Smart=117
[05-03 15:05:21]   进度: 100/289 (85G+15S) 速率=0/s 失败=33
[05-03 15:11:42]   进度: 111/289 (88G+23S) 速率=0/s 失败=100
[05-03 15:11:43] 完成: 111发送(88G+23S) 100失败 耗时826s
[05-03 15:11:43] ==================================================
[05-03 15:11:57] ==================================================
[05-03 15:11:57] 计划管理监控启动
[05-03 15:14:13] 扫描: 109漏包 状态={'scheduled': 1, 'launched': 108} Globe=92 Smart=12
[05-03 15:20:54]   进度: 89/109 (85G+4S) 速率=0/s 失败=2
[05-03 15:20:54] 完成: 89发送(85G+4S) 2失败 耗时537s
[05-03 15:20:54] ==================================================
[05-03 15:21:46] ==================================================
[05-03 15:21:46] 计划管理监控启动
[05-03 15:23:31] 扫描: 109漏包 状态={'launched': 109} Globe=89 Smart=15
[05-03 15:29:12]   进度: 79/109 (77G+2S) 速率=0/s 失败=7
[05-03 15:29:12] 完成: 79发送(77G+2S) 7失败 耗时447s
[05-03 15:29:12] ==================================================
[05-03 15:29:27] ==================================================
[05-03 15:29:27] 计划管理监控启动
[05-03 15:29:59] 扫描: 21漏包 状态={'scheduled': 9, 'launched': 12} Globe=16 Smart=5
[05-03 15:31:20] 完成: 0发送(0G+0S) 10失败 耗时113s
[05-03 15:31:20] ==================================================
[05-03 15:34:12] ==================================================
[05-03 15:34:12] 计划管理监控启动
[05-03 15:36:45] 扫描: 167漏包 状态={'launched': 167} Globe=110 Smart=52
[05-03 15:39:32]   进度: 66/167 (64G+2S) 速率=0/s 失败=0
[05-03 15:39:33] 完成: 66发送(64G+2S) 0失败 耗时321s
[05-03 15:39:33] ==================================================
[05-03 15:39:47] ==================================================
[05-03 15:39:47] 计划管理监控启动
[05-03 15:42:14] ==================================================
[05-03 15:42:14] 计划管理监控启动
[05-03 15:43:50] 扫描: 150漏包 状态={'launched': 150} Globe=93 Smart=52
[05-03 15:46:16]   进度: 49/150 (47G+2S) 速率=0/s 失败=0
[05-03 15:46:17] 完成: 49发送(47G+2S) 0失败 耗时243s
[05-03 15:46:17] ==================================================
[05-03 15:46:41] ==================================================
[05-03 15:46:41] 计划管理监控启动
[05-03 15:47:01] 扫描: 0漏包 状态={} Globe=0 Smart=0
[05-03 15:47:01] 完成: 0发送(0G+0S) 0失败 耗时20s
[05-03 15:47:01] ==================================================
[05-03 15:51:13] ==================================================
[05-03 15:51:13] 计划管理监控启动
[05-03 15:53:09] 扫描: 132漏包 状态={'launched': 132} Globe=74 Smart=52
[05-03 15:55:16]   进度: 30/132 (28G+2S) 速率=0/s 失败=0
[05-03 15:55:17] 完成: 30发送(28G+2S) 0失败 耗时243s
[05-03 15:55:17] ==================================================
[05-03 15:55:59] ==================================================
[05-03 15:55:59] 计划管理监控启动
[05-03 15:58:05] 扫描: 113漏包 状态={'launched': 113} Globe=56 Smart=52
[05-03 15:59:56]   进度: 12/113 (10G+2S) 速率=0/s 失败=0
[05-03 15:59:56] 完成: 12发送(10G+2S) 0失败 耗时237s
[05-03 15:59:56] ==================================================
[05-03 16:00:44] ==================================================
[05-03 16:00:44] 计划管理监控启动
[05-03 16:02:43] 扫描: 109漏包 状态={'launched': 109} Globe=51 Smart=53
[05-03 16:04:25]   进度: 7/109 (5G+2S) 速率=0/s 失败=0
[05-03 16:04:26] 完成: 7发送(5G+2S) 0失败 耗时221s
[05-03 16:04:26] ==================================================
[05-03 16:05:30] ==================================================
[05-03 16:05:30] 计划管理监控启动
[05-03 16:07:44] 扫描: 107漏包 状态={'launched': 107} Globe=51 Smart=51
[05-03 16:09:02] 上一轮仍在运行, 跳过
[05-03 16:09:24]   进度: 6/107 (5G+1S) 速率=0/s 失败=0
[05-03 16:09:24] 完成: 6发送(5G+1S) 0失败 耗时234s
[05-03 16:09:24] ==================================================
[05-03 16:10:15] ==================================================
[05-03 16:10:15] 计划管理监控启动
[05-03 16:12:02] 扫描: 107漏包 状态={'launched': 107} Globe=51 Smart=51
[05-03 16:13:42]   进度: 6/107 (5G+1S) 速率=0/s 失败=0
[05-03 16:13:43] 完成: 6发送(5G+1S) 0失败 耗时208s
[05-03 16:13:43] ==================================================
[05-03 16:15:00] ==================================================
[05-03 16:15:00] 计划管理监控启动
[05-03 16:17:10] 扫描: 107漏包 状态={'launched': 107} Globe=51 Smart=51
[05-03 16:18:49]   进度: 6/107 (5G+1S) 速率=0/s 失败=0
[05-03 16:18:49] 完成: 6发送(5G+1S) 0失败 耗时229s
[05-03 16:18:49] ==================================================
[05-03 16:19:45] ==================================================
[05-03 16:19:45] 计划管理监控启动
[05-03 16:24:14] 扫描: 119漏包 状态={'scheduled': 12, 'launched': 107} Globe=59 Smart=55
[05-03 16:26:35]   进度: 6/119 (5G+1S) 速率=0/s 失败=12
[05-03 16:26:36] 完成: 6发送(5G+1S) 12失败 耗时410s
[05-03 16:26:36] ==================================================
[05-03 16:26:48] ==================================================
[05-03 16:26:48] 计划管理监控启动
[05-03 16:31:01] 扫描: 111漏包 状态={'scheduled': 6, 'launched': 105} Globe=51 Smart=55
[05-03 16:33:25]   进度: 5/111 (4G+1S) 速率=0/s 失败=6
[05-03 16:33:26] 完成: 5发送(4G+1S) 6失败 耗时397s
[05-03 16:33:26] ==================================================
[05-03 16:33:38] ==================================================
[05-03 16:33:38] 计划管理监控启动
[05-03 16:38:20] 扫描: 109漏包 状态={'scheduled': 2, 'launched': 107} Globe=52 Smart=52
[05-03 16:40:15]   进度: 5/109 (4G+1S) 速率=0/s 失败=2
[05-03 16:40:15] 完成: 5发送(4G+1S) 2失败 耗时397s
[05-03 16:40:15] ==================================================
[05-03 16:40:26] ==================================================
[05-03 16:40:26] 计划管理监控启动
[05-03 16:42:18] 扫描: 38漏包 状态={'scheduled': 2, 'launched': 36} Globe=19 Smart=14
[05-03 16:42:59]   进度: 5/38 (4G+1S) 速率=0/s 失败=2
[05-03 16:43:00] 完成: 5发送(4G+1S) 2失败 耗时154s
[05-03 16:43:00] ==================================================
[05-03 16:45:11] ==================================================
[05-03 16:45:11] 计划管理监控启动
[05-03 16:46:01] 扫描: 10漏包 状态={'scheduled': 2, 'launched': 8} Globe=9 Smart=1
[05-03 16:46:31] 完成: 0发送(0G+0S) 2失败 耗时80s
[05-03 16:46:31] ==================================================
[05-03 16:49:57] ==================================================
[05-03 16:49:57] 计划管理监控启动
[05-03 16:56:02] 扫描: 112漏包 状态={'scheduled': 3, 'launched': 109} Globe=54 Smart=53
[05-03 16:58:59]   进度: 5/112 (4G+1S) 速率=0/s 失败=3
[05-03 16:58:59] 完成: 5发送(4G+1S) 3失败 耗时542s
[05-03 16:58:59] ==================================================
[05-03 16:59:11] ==================================================
[05-03 16:59:11] 计划管理监控启动
[05-03 17:01:09] 扫描: 38漏包 状态={'scheduled': 2, 'launched': 36} Globe=19 Smart=14
[05-03 17:01:44]   进度: 5/38 (4G+1S) 速率=0/s 失败=2
[05-03 17:01:45] 完成: 5发送(4G+1S) 2失败 耗时154s
[05-03 17:01:45] ==================================================
[05-03 17:03:56] ==================================================
[05-03 17:03:56] 计划管理监控启动
[05-03 17:08:24] 扫描: 63漏包 状态={'scheduled': 2, 'launched': 61} Globe=35 Smart=23
[05-03 17:09:36]   进度: 5/63 (4G+1S) 速率=0/s 失败=2
[05-03 17:09:36] 完成: 5发送(4G+1S) 2失败 耗时340s
[05-03 17:09:36] ==================================================
[05-03 17:09:45] ==================================================
[05-03 17:09:45] 计划管理监控启动
[05-03 17:16:19] 扫描: 110漏包 状态={'scheduled': 3, 'launched': 107} Globe=53 Smart=52
[05-03 17:18:23]   进度: 5/110 (4G+1S) 速率=0/s 失败=3
[05-03 17:18:24] 完成: 5发送(4G+1S) 3失败 耗时519s
[05-03 17:18:24] ==================================================
[05-03 17:18:40] ==================================================
[05-03 17:18:40] 计划管理监控启动
[05-03 17:21:31] 扫描: 38漏包 状态={'scheduled': 3, 'launched': 35} Globe=16 Smart=16
[05-03 17:22:03]   进度: 1/38 (0G+1S) 速率=0/s 失败=3
[05-03 17:22:03] 完成: 1发送(0G+1S) 3失败 耗时204s
[05-03 17:22:03] ==================================================
[05-03 17:23:21] ==================================================
[05-03 17:23:21] 计划管理监控启动
[05-03 17:26:34] 扫描: 65漏包 状态={'scheduled': 2, 'launched': 63} Globe=33 Smart=27
[05-03 17:27:51]   进度: 1/65 (0G+1S) 速率=0/s 失败=2
[05-03 17:27:51] 完成: 1发送(0G+1S) 2失败 耗时270s
[05-03 17:27:51] ==================================================
[05-03 17:28:07] ==================================================
[05-03 17:28:07] 计划管理监控启动
[05-03 17:29:02] 扫描: 3漏包 状态={'scheduled': 2, 'launched': 1} Globe=2 Smart=1
[05-03 17:29:05] 完成: 0发送(0G+0S) 2失败 耗时58s
[05-03 17:29:05] ==================================================
[05-03 17:32:52] ==================================================
[05-03 17:32:52] 计划管理监控启动
[05-03 17:39:31] 扫描: 106漏包 状态={'scheduled': 2, 'launched': 104} Globe=49 Smart=52
[05-03 17:43:10]   进度: 1/106 (0G+1S) 速率=0/s 失败=2
[05-03 17:43:10] 完成: 1发送(0G+1S) 2失败 耗时618s
[05-03 17:43:10] ==================================================
[05-03 17:43:25] ==================================================
[05-03 17:43:25] 计划管理监控启动
[05-03 17:43:45] 扫描: 0漏包 状态={} Globe=0 Smart=0
[05-03 17:43:45] 完成: 0发送(0G+0S) 0失败 耗时20s
[05-03 17:43:45] ==================================================
[05-03 17:48:07] ==================================================
[05-03 17:48:07] 计划管理监控启动
[05-03 17:48:27] 扫描: 0漏包 状态={} Globe=0 Smart=0
[05-03 17:48:27] 完成: 0发送(0G+0S) 0失败 耗时20s
[05-03 17:48:27] ==================================================
[05-03 17:52:52] ==================================================
[05-03 17:52:52] 计划管理监控启动
[05-03 17:57:58] 扫描: 105漏包 状态={'scheduled': 2, 'launched': 103} Globe=48 Smart=52
[05-03 17:59:39]   进度: 1/105 (0G+1S) 速率=0/s 失败=2
[05-03 17:59:40] 完成: 1发送(0G+1S) 2失败 耗时408s
[05-03 17:59:40] ==================================================
[05-03 17:59:51] ==================================================
[05-03 17:59:51] 计划管理监控启动
[05-03 18:03:29] 扫描: 105漏包 状态={'scheduled': 2, 'launched': 103} Globe=48 Smart=52
[05-03 18:06:20]   进度: 1/105 (0G+1S) 速率=0/s 失败=2
[05-03 18:06:20] 完成: 1发送(0G+1S) 2失败 耗时390s
[05-03 18:06:20] ==================================================
[05-03 18:06:33] ==================================================
[05-03 18:06:33] 计划管理监控启动
[05-03 18:14:13] 扫描: 115漏包 状态={'scheduled': 10, 'launched': 105} Globe=52 Smart=58
[05-03 18:18:03]   进度: 1/115 (0G+1S) 速率=0/s 失败=11
[05-03 18:18:03] 完成: 1发送(0G+1S) 11失败 耗时690s
[05-03 18:18:03] ==================================================
[05-03 18:18:25] ==================================================
[05-03 18:18:25] 计划管理监控启动
[05-03 18:21:38] 扫描: 37漏包 状态={'scheduled': 11, 'launched': 26} Globe=23 Smart=14
[05-03 18:23:00]   进度: 3/37 (0G+3S) 速率=0/s 失败=12
[05-03 18:23:01] 完成: 3发送(0G+3S) 12失败 耗时276s
[05-03 18:23:01] ==================================================
[05-03 18:23:15] ==================================================
[05-03 18:23:15] 计划管理监控启动
[05-03 18:25:41] ==================================================
[05-03 18:25:41] 计划管理监控启动
[05-03 18:26:32] 扫描: 34漏包 状态={'scheduled': 20, 'launched': 14} Globe=19 Smart=15
[05-03 18:27:06]   进度: 4/34 (1G+3S) 速率=0/s 失败=20
[05-03 18:27:06] 完成: 4发送(1G+3S) 20失败 耗时86s
[05-03 18:27:06] ==================================================
[05-03 18:28:00] ==================================================
[05-03 18:28:00] 计划管理监控启动
[05-03 18:33:41] 扫描: 134漏包 状态={'scheduled': 36, 'launched': 98} Globe=67 Smart=62
[05-03 18:38:07]   进度: 1/134 (0G+1S) 速率=0/s 失败=40
[05-03 18:38:08] 完成: 1发送(0G+1S) 40失败 耗时608s
[05-03 18:38:08] ==================================================
[05-03 18:38:19] ==================================================
[05-03 18:38:19] 计划管理监控启动
[05-03 18:42:00] 上一轮仍在运行, 跳过
[05-03 18:42:21] 扫描: 49漏包 状态={'scheduled': 17, 'launched': 32} Globe=22 Smart=22
[05-03 18:43:05]   进度: 1/49 (0G+1S) 速率=0/s 失败=17
[05-03 18:43:05] 完成: 1发送(0G+1S) 17失败 耗时286s
[05-03 18:43:05] ==================================================
[05-03 18:43:33] ==================================================
[05-03 18:43:33] 计划管理监控启动
[05-03 18:44:36] 扫描: 28漏包 状态={'launched': 28} Globe=16 Smart=12
[05-03 18:45:24] 完成: 0发送(0G+0S) 0失败 耗时112s
[05-03 18:45:24] ==================================================
[05-03 18:48:02] ==================================================
[05-03 18:48:02] 计划管理监控启动
[05-03 18:52:09] 扫描: 14漏包 状态={'launched': 14} Globe=7 Smart=7
[05-03 18:52:45] 完成: 0发送(0G+0S) 0失败 耗时283s
[05-03 18:52:45] ==================================================
[05-03 18:52:56] ==================================================
[05-03 18:52:56] 计划管理监控启动
[05-03 18:53:35] 扫描: 0漏包 状态={} Globe=0 Smart=0
[05-03 18:53:35] 完成: 0发送(0G+0S) 0失败 耗时39s
[05-03 18:53:35] ==================================================
[05-03 18:57:42] ==================================================
[05-03 18:57:42] 计划管理监控启动
[05-03 19:00:00] 扫描: 26漏包 状态={'launched': 24, 'scheduled': 2} Globe=18 Smart=8
[05-03 19:00:55] 完成: 0发送(0G+0S) 2失败 耗时193s
[05-03 19:00:55] ==================================================
[05-03 19:02:11] ==================================================
[05-03 19:02:11] 计划管理监控启动
[05-03 19:02:27] 上一轮仍在运行, 跳过
[05-03 19:02:57] 扫描: 7漏包 状态={'scheduled': 7} Globe=2 Smart=5
[05-03 19:03:02]   进度: 1/7 (0G+1S) 速率=0/s 失败=6
[05-03 19:03:02] 完成: 1发送(0G+1S) 6失败 耗时51s
[05-03 19:03:02] ==================================================
[05-03 19:06:56] ==================================================
[05-03 19:06:56] 计划管理监控启动
[05-03 19:07:13] 上一轮仍在运行, 跳过
[05-03 19:10:21] 扫描: 51漏包 状态={'scheduled': 8, 'launched': 43} Globe=25 Smart=21
[05-03 19:11:11]   进度: 1/51 (0G+1S) 速率=0/s 失败=8
[05-03 19:11:11] 完成: 1发送(0G+1S) 8失败 耗时255s
[05-03 19:11:11] ==================================================
[05-03 19:11:59] ==================================================
[05-03 19:11:59] 计划管理监控启动
[05-03 19:12:19] 扫描: 0漏包 状态={} Globe=0 Smart=0
[05-03 19:12:19] 完成: 0发送(0G+0S) 0失败 耗时20s
[05-03 19:12:19] ==================================================
[05-03 19:16:43] ==================================================
[05-03 19:16:43] 计划管理监控启动
[05-03 19:18:18] 扫描: 28漏包 状态={'scheduled': 5, 'launched': 23} Globe=14 Smart=14
[05-03 19:19:06] 完成: 0发送(0G+0S) 5失败 耗时142s
[05-03 19:19:06] ==================================================
[05-03 19:21:29] ==================================================
[05-03 19:21:29] 计划管理监控启动
[05-03 19:23:47] 扫描: 37漏包 状态={'scheduled': 8, 'launched': 29} Globe=20 Smart=17
[05-03 19:25:49] 完成: 0发送(0G+0S) 8失败 耗时260s
[05-03 19:25:49] ==================================================
[05-03 19:26:15] ==================================================
[05-03 19:26:15] 计划管理监控启动
[05-03 19:28:49] 扫描: 35漏包 状态={'scheduled': 3, 'launched': 32} Globe=17 Smart=18
[05-03 19:29:29]   进度: 2/35 (0G+2S) 速率=0/s 失败=3
[05-03 19:29:29] 完成: 2发送(0G+2S) 3失败 耗时194s
[05-03 19:29:29] ==================================================
[05-03 19:31:00] ==================================================
[05-03 19:31:00] 计划管理监控启动
[05-03 19:32:57] 扫描: 30漏包 状态={'scheduled': 2, 'launched': 28} Globe=13 Smart=17
[05-03 19:33:52]   进度: 2/30 (0G+2S) 速率=0/s 失败=2
[05-03 19:33:53] 完成: 2发送(0G+2S) 2失败 耗时172s
[05-03 19:33:53] ==================================================
[05-03 19:35:46] ==================================================
[05-03 19:35:46] 计划管理监控启动
[05-03 19:36:23] 扫描: 0漏包 状态={} Globe=0 Smart=0
[05-03 19:36:23] 完成: 0发送(0G+0S) 0失败 耗时36s
[05-03 19:36:23] ==================================================
[05-03 19:40:32] ==================================================
[05-03 19:40:32] 计划管理监控启动
[05-03 19:41:12] 扫描: 0漏包 状态={} Globe=0 Smart=0
[05-03 19:41:12] 完成: 0发送(0G+0S) 0失败 耗时39s
[05-03 19:41:12] ==================================================
[05-03 19:45:17] ==================================================
[05-03 19:45:17] 计划管理监控启动
[05-03 19:50:43] 扫描: 3漏包 状态={'launched': 3} Globe=1 Smart=2
[05-03 19:50:47]   进度: 3/3 (1G+2S) 速率=1/s 失败=0
[05-03 19:50:48] 完成: 3发送(1G+2S) 0失败 耗时331s
[05-03 19:50:48] ==================================================
[05-03 19:50:59] ==================================================
[05-03 19:50:59] 计划管理监控启动
[05-03 19:53:37] 扫描: 0漏包 状态={} Globe=0 Smart=0
[05-03 19:53:37] 完成: 0发送(0G+0S) 0失败 耗时158s
[05-03 19:53:37] ==================================================
[05-03 19:55:44] ==================================================
[05-03 19:55:44] 计划管理监控启动
[05-03 19:56:11] 扫描: 1漏包 状态={'draft': 1} Globe=1 Smart=0
[05-03 19:56:11] 完成: 0发送(0G+0S) 1失败 耗时27s
[05-03 19:56:11] ==================================================
[05-03 20:00:30] ==================================================
[05-03 20:00:30] 计划管理监控启动
[05-03 20:05:52] 扫描: 78漏包 状态={'launched': 76, 'scheduled': 2} Globe=42 Smart=31
[05-03 20:08:25]   进度: 5/78 (2G+3S) 速率=0/s 失败=2
[05-03 20:08:26] 完成: 5发送(2G+3S) 2失败 耗时476s
[05-03 20:08:26] ==================================================
[05-03 20:08:37] ==================================================
[05-03 20:08:37] 计划管理监控启动
[05-03 20:16:39] 扫描: 186漏包 状态={'scheduled': 21, 'launched': 165} Globe=99 Smart=82
[05-03 20:22:29]   进度: 10/186 (4G+6S) 速率=0/s 失败=24
[05-03 20:22:29] 完成: 10发送(4G+6S) 24失败 耗时832s
[05-03 20:22:29] ==================================================
[05-03 20:22:52] ==================================================
[05-03 20:22:52] 计划管理监控启动
[05-03 20:27:13] 扫描: 157漏包 状态={'launched': 155, 'scheduled': 2} Globe=81 Smart=71
[05-03 20:29:53]   进度: 12/157 (5G+7S) 速率=0/s 失败=2
[05-03 20:29:54] 完成: 12发送(5G+7S) 2失败 耗时422s
[05-03 20:29:54] ==================================================
[05-03 20:30:05] ==================================================
[05-03 20:30:05] 计划管理监控启动
[05-03 20:35:28] 扫描: 155漏包 状态={'launched': 153, 'scheduled': 2} Globe=76 Smart=74
[05-03 20:38:32]   进度: 13/155 (5G+8S) 速率=0/s 失败=7
[05-03 20:38:32] 完成: 13发送(5G+8S) 7失败 耗时507s
[05-03 20:38:32] ==================================================
[05-03 20:38:45] ==================================================
[05-03 20:38:45] 计划管理监控启动
[05-03 20:42:36] 扫描: 174漏包 状态={'launched': 172, 'scheduled': 2} Globe=90 Smart=79
[05-03 20:45:18]   进度: 13/174 (5G+8S) 速率=0/s 失败=2
[05-03 20:45:19] 完成: 13发送(5G+8S) 2失败 耗时393s
[05-03 20:45:19] ==================================================
[05-03 20:45:32] ==================================================
[05-03 20:45:32] 计划管理监控启动
[05-03 20:49:22] 扫描: 179漏包 状态={'launched': 177, 'scheduled': 2} Globe=91 Smart=83
[05-03 20:52:09]   进度: 13/179 (5G+8S) 速率=0/s 失败=2
[05-03 20:52:09] 完成: 13发送(5G+8S) 2失败 耗时397s
[05-03 20:52:09] ==================================================
[05-03 20:52:22] ==================================================
[05-03 20:52:22] 计划管理监控启动
[05-03 20:55:46] 扫描: 160漏包 状态={'launched': 158, 'scheduled': 2} Globe=79 Smart=76
[05-03 20:58:22]   进度: 13/160 (5G+8S) 速率=0/s 失败=2
[05-03 20:58:22] 完成: 13发送(5G+8S) 2失败 耗时361s
[05-03 20:58:22] ==================================================
[05-03 20:58:35] ==================================================
[05-03 20:58:35] 计划管理监控启动
[05-03 21:02:30] 扫描: 166漏包 状态={'launched': 164, 'scheduled': 2} Globe=82 Smart=79
[05-03 21:05:12]   进度: 13/166 (5G+8S) 速率=0/s 失败=2
[05-03 21:05:12] 完成: 13发送(5G+8S) 2失败 耗时398s
[05-03 21:05:12] ==================================================
[05-03 21:05:22] ==================================================
[05-03 21:05:22] 计划管理监控启动
[05-03 21:10:17] 扫描: 185漏包 状态={'launched': 183, 'scheduled': 2} Globe=94 Smart=86
[05-03 21:13:18]   进度: 12/185 (5G+7S) 速率=0/s 失败=2
[05-03 21:13:19] 完成: 12发送(5G+7S) 2失败 耗时477s
[05-03 21:13:19] ==================================================
[05-03 21:13:37] ==================================================
[05-03 21:13:37] 计划管理监控启动
[05-03 21:15:57] 扫描: 101漏包 状态={'launched': 99, 'scheduled': 2} Globe=56 Smart=40
[05-03 21:18:53]   进度: 11/101 (5G+6S) 速率=0/s 失败=5
[05-03 21:18:54] 完成: 11发送(5G+6S) 5失败 耗时316s
[05-03 21:18:54] ==================================================
[05-03 21:19:07] ==================================================
[05-03 21:19:07] 计划管理监控启动
[05-03 21:19:36] 扫描: 0漏包 状态={} Globe=0 Smart=0
[05-03 21:19:36] 完成: 0发送(0G+0S) 0失败 耗时29s
[05-03 21:19:36] ==================================================
[05-03 21:23:52] ==================================================
[05-03 21:23:52] 计划管理监控启动
[05-03 21:25:46] 扫描: 107漏包 状态={'launched': 105, 'scheduled': 2} Globe=59 Smart=43
[05-03 21:28:25]   进度: 11/107 (5G+6S) 速率=0/s 失败=2
[05-03 21:28:26] 完成: 11发送(5G+6S) 2失败 耗时273s
[05-03 21:28:26] ==================================================
[05-03 21:28:38] ==================================================
[05-03 21:28:38] 计划管理监控启动
[05-03 21:31:28] 扫描: 83漏包 状态={'launched': 80, 'scheduled': 3} Globe=55 Smart=28
[05-03 21:33:09]   进度: 11/83 (5G+6S) 速率=0/s 失败=3
[05-03 21:33:09] 完成: 11发送(5G+6S) 3失败 耗时272s
[05-03 21:33:09] ==================================================
[05-03 21:33:23] ==================================================
[05-03 21:33:23] 计划管理监控启动
[05-03 21:35:38] 扫描: 71漏包 状态={'launched': 71} Globe=41 Smart=30
[05-03 21:37:36]   进度: 10/71 (5G+5S) 速率=0/s 失败=0
[05-03 21:37:36] 完成: 10发送(5G+5S) 0失败 耗时253s
[05-03 21:37:36] ==================================================
[05-03 21:38:09] ==================================================
[05-03 21:38:09] 计划管理监控启动
[05-03 21:38:52] 扫描: 1漏包 状态={'launched': 1} Globe=0 Smart=1
[05-03 21:38:52]   进度: 1/1 (0G+1S) 速率=1/s 失败=0
[05-03 21:38:53] 完成: 1发送(0G+1S) 0失败 耗时44s
[05-03 21:38:53] ==================================================
[05-03 21:43:06] ==================================================
[05-03 21:43:06] 计划管理监控启动
[05-03 21:48:37] 扫描: 183漏包 状态={'launched': 181, 'scheduled': 2} Globe=93 Smart=85
[05-03 21:51:32]   进度: 10/183 (4G+6S) 速率=0/s 失败=3
[05-03 21:51:33] 完成: 10发送(4G+6S) 3失败 耗时506s
[05-03 21:51:33] ==================================================
[05-03 21:51:45] ==================================================
[05-03 21:51:45] 计划管理监控启动
[05-03 21:52:37] 扫描: 1漏包 状态={'launched': 1} Globe=0 Smart=1
[05-03 21:52:39]   进度: 1/1 (0G+1S) 速率=1/s 失败=0
[05-03 21:52:39] 完成: 1发送(0G+1S) 0失败 耗时54s
[05-03 21:52:39] ==================================================
[05-03 21:56:30] ==================================================
[05-03 21:56:30] 计划管理监控启动
[05-03 21:57:37] 扫描: 0漏包 状态={} Globe=0 Smart=0
[05-03 21:57:37] 完成: 0发送(0G+0S) 0失败 耗时67s
[05-03 21:57:37] ==================================================
[05-03 22:01:16] ==================================================
[05-03 22:01:16] 计划管理监控启动
[05-03 22:02:55] 扫描: 8漏包 状态={'launched': 8} Globe=3 Smart=5
[05-03 22:03:05]   进度: 8/8 (3G+5S) 速率=1/s 失败=0
[05-03 22:03:06] 完成: 8发送(3G+5S) 0失败 耗时110s
[05-03 22:03:06] ==================================================
[05-03 22:06:02] ==================================================
[05-03 22:06:02] 计划管理监控启动
[05-03 22:12:50] 扫描: 166漏包 状态={'launched': 164, 'scheduled': 2} Globe=85 Smart=76
[05-03 22:15:32]   进度: 9/166 (3G+6S) 速率=0/s 失败=3
[05-03 22:15:33] 完成: 9发送(3G+6S) 3失败 耗时571s
[05-03 22:15:33] ==================================================
[05-03 22:15:56] ==================================================
[05-03 22:15:56] 计划管理监控启动
[05-03 22:20:20] 扫描: 165漏包 状态={'launched': 163, 'scheduled': 2} Globe=84 Smart=76
[05-03 22:23:01]   进度: 9/165 (3G+6S) 速率=0/s 失败=2
[05-03 22:23:02] 完成: 9发送(3G+6S) 2失败 耗时426s
[05-03 22:23:02] ==================================================
[05-03 22:23:14] ==================================================
[05-03 22:23:14] 计划管理监控启动
[05-03 22:26:49] 扫描: 166漏包 状态={'launched': 164, 'scheduled': 2} Globe=85 Smart=76
[05-03 22:29:27]   进度: 10/166 (4G+6S) 速率=0/s 失败=2
[05-03 22:29:28] 完成: 10发送(4G+6S) 2失败 耗时374s
[05-03 22:29:28] ==================================================
[05-03 22:29:38] ==================================================
[05-03 22:29:38] 计划管理监控启动
[05-03 22:33:14] 扫描: 166漏包 状态={'launched': 164, 'scheduled': 2} Globe=85 Smart=76
[05-03 22:36:00]   进度: 10/166 (4G+6S) 速率=0/s 失败=2
[05-03 22:36:00] 完成: 10发送(4G+6S) 2失败 耗时382s
[05-03 22:36:00] ==================================================
[05-03 22:36:11] ==================================================
[05-03 22:36:11] 计划管理监控启动
[05-03 22:39:48] 扫描: 166漏包 状态={'launched': 164, 'scheduled': 2} Globe=85 Smart=76
[05-03 22:42:26]   进度: 7/166 (3G+4S) 速率=0/s 失败=5
[05-03 22:42:27] 完成: 7发送(3G+4S) 5失败 耗时376s
[05-03 22:42:27] ==================================================
[05-03 22:42:49] ==================================================
[05-03 22:42:49] 计划管理监控启动
[05-03 22:46:40] 扫描: 163漏包 状态={'launched': 161, 'scheduled': 2} Globe=84 Smart=74
[05-03 22:49:51]   进度: 5/163 (2G+3S) 速率=0/s 失败=5
[05-03 22:49:52] 完成: 5发送(2G+3S) 5失败 耗时423s
[05-03 22:49:52] ==================================================
[05-03 22:50:04] ==================================================
[05-03 22:50:04] 计划管理监控启动
[05-03 22:52:39] 扫描: 93漏包 状态={'launched': 91, 'scheduled': 2} Globe=51 Smart=37
[05-03 22:54:09]   进度: 2/93 (1G+1S) 速率=0/s 失败=5
[05-03 22:54:10] 完成: 2发送(1G+1S) 5失败 耗时246s
[05-03 22:54:10] ==================================================
[05-03 22:54:49] ==================================================
[05-03 22:54:49] 计划管理监控启动
[05-03 22:58:52] 扫描: 158漏包 状态={'launched': 156, 'scheduled': 2} Globe=82 Smart=71
[05-03 23:01:32]   进度: 2/158 (1G+1S) 速率=0/s 失败=2
[05-03 23:01:32] 完成: 2发送(1G+1S) 2失败 耗时403s
[05-03 23:01:32] ==================================================
[05-03 23:01:45] ==================================================
[05-03 23:01:45] 计划管理监控启动
[05-03 23:05:00] 扫描: 159漏包 状态={'launched': 157, 'scheduled': 2} Globe=83 Smart=71
[05-03 23:07:35]   进度: 3/159 (2G+1S) 速率=0/s 失败=2
[05-03 23:07:35] 完成: 3发送(2G+1S) 2失败 耗时350s
[05-03 23:07:35] ==================================================
[05-03 23:07:44] ==================================================
[05-03 23:07:44] 计划管理监控启动
[05-03 23:14:10] 扫描: 160漏包 状态={'launched': 158, 'scheduled': 2} Globe=84 Smart=71
[05-03 23:16:49]   进度: 3/160 (3G+0S) 速率=0/s 失败=2
[05-03 23:16:50] 完成: 3发送(3G+0S) 2失败 耗时545s
[05-03 23:16:50] ==================================================
[05-03 23:17:06] ==================================================
[05-03 23:17:06] 计划管理监控启动
[05-03 23:20:42] 扫描: 159漏包 状态={'launched': 157, 'scheduled': 2} Globe=84 Smart=70
[05-03 23:23:17]   进度: 3/159 (3G+0S) 速率=0/s 失败=2
[05-03 23:23:18] 完成: 3发送(3G+0S) 2失败 耗时372s
[05-03 23:23:18] ==================================================
[05-03 23:23:32] ==================================================
[05-03 23:23:32] 计划管理监控启动
[05-03 23:27:08] 扫描: 159漏包 状态={'launched': 157, 'scheduled': 2} Globe=84 Smart=70
[05-03 23:29:37]   进度: 3/159 (3G+0S) 速率=0/s 失败=2
[05-03 23:29:38] 完成: 3发送(3G+0S) 2失败 耗时366s
[05-03 23:29:38] ==================================================
[05-03 23:29:51] ==================================================
[05-03 23:29:51] 计划管理监控启动
[05-03 23:35:03] 扫描: 159漏包 状态={'launched': 157, 'scheduled': 2} Globe=84 Smart=70
[05-03 23:37:34]   进度: 3/159 (3G+0S) 速率=0/s 失败=2
[05-03 23:37:35] 完成: 3发送(3G+0S) 2失败 耗时463s
[05-03 23:37:35] ==================================================
[05-03 23:37:49] ==================================================
[05-03 23:37:49] 计划管理监控启动
[05-03 23:40:57] 扫描: 159漏包 状态={'launched': 157, 'scheduled': 2} Globe=84 Smart=70
[05-03 23:43:32]   进度: 3/159 (3G+0S) 速率=0/s 失败=2
[05-03 23:43:32] 完成: 3发送(3G+0S) 2失败 耗时343s
[05-03 23:43:32] ==================================================
[05-03 23:43:48] ==================================================
[05-03 23:43:48] 计划管理监控启动
[05-03 23:46:42] 扫描: 158漏包 状态={'launched': 156, 'scheduled': 2} Globe=83 Smart=70
[05-03 23:49:17]   进度: 2/158 (2G+0S) 速率=0/s 失败=2
[05-03 23:49:18] 完成: 2发送(2G+0S) 2失败 耗时330s
[05-03 23:49:18] ==================================================
[05-03 23:49:32] ==================================================
[05-03 23:49:32] 计划管理监控启动
[05-03 23:52:52] 扫描: 158漏包 状态={'launched': 156, 'scheduled': 2} Globe=83 Smart=70
[05-03 23:55:18]   进度: 2/158 (2G+0S) 速率=0/s 失败=2
[05-03 23:55:19] 完成: 2发送(2G+0S) 2失败 耗时347s
[05-03 23:55:19] ==================================================
[05-03 23:55:29] ==================================================
[05-03 23:55:29] 计划管理监控启动
[05-03 23:57:56] 扫描: 158漏包 状态={'launched': 156, 'scheduled': 2} Globe=83 Smart=70
[05-04 00:00:28]   进度: 2/158 (2G+0S) 速率=0/s 失败=2
[05-04 00:00:29] 完成: 2发送(2G+0S) 2失败 耗时300s
[05-04 00:00:29] ==================================================
[05-04 00:00:41] ==================================================
[05-04 00:00:41] 计划管理监控启动
[05-04 00:02:08] 扫描: 85漏包 状态={'launched': 83, 'scheduled': 2} Globe=50 Smart=30
[05-04 00:06:33]   进度: 2/85 (2G+0S) 速率=0/s 失败=8
[05-04 00:06:33] 完成: 2发送(2G+0S) 8失败 耗时352s
[05-04 00:06:33] ==================================================
[05-04 00:06:45] ==================================================
[05-04 00:06:45] 计划管理监控启动
[05-04 00:08:46] 扫描: 63漏包 状态={'scheduled': 3, 'launched': 60} Globe=42 Smart=21
[05-04 00:10:18]   进度: 2/63 (2G+0S) 速率=0/s 失败=3
[05-04 00:10:19] 完成: 2发送(2G+0S) 3失败 耗时214s
[05-04 00:10:19] ==================================================
[05-04 00:11:31] ==================================================
[05-04 00:11:31] 计划管理监控启动
[05-04 00:18:12] 扫描: 164漏包 状态={'scheduled': 5, 'launched': 159} Globe=84 Smart=75
[05-04 00:21:14]   进度: 2/164 (2G+0S) 速率=0/s 失败=5
[05-04 00:21:15] 完成: 2发送(2G+0S) 5失败 耗时584s
[05-04 00:21:15] ==================================================
[05-04 00:21:31] ==================================================
[05-04 00:21:31] 计划管理监控启动
[05-04 00:22:38] 扫描: 4漏包 状态={'launched': 4} Globe=2 Smart=2
[05-04 00:22:53]   进度: 2/4 (2G+0S) 速率=0/s 失败=0
[05-04 00:22:54] 完成: 2发送(2G+0S) 0失败 耗时83s
[05-04 00:22:54] ==================================================
[05-04 00:26:12] ==================================================
[05-04 00:26:12] 计划管理监控启动
[05-04 00:30:24] 扫描: 58漏包 状态={'launched': 58} Globe=37 Smart=21
[05-04 00:32:19]   进度: 2/58 (2G+0S) 速率=0/s 失败=0
[05-04 00:32:19] 完成: 2发送(2G+0S) 0失败 耗时368s
[05-04 00:32:19] ==================================================
[05-04 00:32:29] ==================================================
[05-04 00:32:29] 计划管理监控启动
[05-04 00:37:49] 扫描: 92漏包 状态={'scheduled': 4, 'launched': 88} Globe=50 Smart=37
[05-04 00:39:30]   进度: 2/92 (2G+0S) 速率=0/s 失败=4
[05-04 00:39:30] 完成: 2发送(2G+0S) 4失败 耗时421s
[05-04 00:39:30] ==================================================
[05-04 00:39:40] ==================================================
[05-04 00:39:40] 计划管理监控启动
[05-04 00:45:03] 扫描: 115漏包 状态={'scheduled': 4, 'launched': 111} Globe=65 Smart=45
[05-04 00:47:56]   进度: 2/115 (2G+0S) 速率=0/s 失败=5
[05-04 00:47:56] 完成: 2发送(2G+0S) 5失败 耗时496s
[05-04 00:47:56] ==================================================
[05-04 00:48:11] ==================================================
[05-04 00:48:11] 计划管理监控启动
[05-04 00:49:02] 扫描: 3漏包 状态={'launched': 3} Globe=0 Smart=3
[05-04 00:49:09] 完成: 0发送(0G+0S) 0失败 耗时58s
[05-04 00:49:09] ==================================================
[05-04 00:52:54] ==================================================
[05-04 00:52:54] 计划管理监控启动
[05-04 01:03:12] 扫描: 122漏包 状态={'launched': 120, 'scheduled': 2} Globe=61 Smart=56
[05-04 01:05:57]   进度: 2/122 (2G+0S) 速率=0/s 失败=2
[05-04 01:05:58] 完成: 2发送(2G+0S) 2失败 耗时784s
[05-04 01:05:58] ==================================================
[05-04 01:06:08] ==================================================
[05-04 01:06:08] 计划管理监控启动
[05-04 01:07:02] 扫描: 8漏包 状态={'scheduled': 3, 'launched': 5} Globe=2 Smart=6
[05-04 01:07:08]   进度: 1/8 (0G+1S) 速率=0/s 失败=3
[05-04 01:07:08] 完成: 1发送(0G+1S) 3失败 耗时60s
[05-04 01:07:08] ==================================================
[05-04 01:10:53] ==================================================
[05-04 01:10:53] 计划管理监控启动
[05-04 01:17:53] 扫描: 148漏包 状态={'scheduled': 4, 'launched': 144} Globe=73 Smart=70
[05-04 01:20:20]   进度: 2/148 (2G+0S) 速率=0/s 失败=4
[05-04 01:20:21] 完成: 2发送(2G+0S) 4失败 耗时568s
[05-04 01:20:21] ==================================================
[05-04 01:20:35] ==================================================
[05-04 01:20:35] 计划管理监控启动
[05-04 01:23:56] 扫描: 167漏包 状态={'launched': 165, 'scheduled': 2} Globe=85 Smart=77
[05-04 01:26:42]   进度: 2/167 (2G+0S) 速率=0/s 失败=2
[05-04 01:26:43] 完成: 2发送(2G+0S) 2失败 耗时368s
[05-04 01:26:43] ==================================================
[05-04 01:26:54] ==================================================
[05-04 01:26:54] 计划管理监控启动
[05-04 01:30:27] 扫描: 167漏包 状态={'launched': 165, 'scheduled': 2} Globe=85 Smart=77
[05-04 01:33:16]   进度: 2/167 (2G+0S) 速率=0/s 失败=2
[05-04 01:33:16] 完成: 2发送(2G+0S) 2失败 耗时382s
[05-04 01:33:16] ==================================================
[05-04 01:33:29] ==================================================
[05-04 01:33:29] 计划管理监控启动
[05-04 01:36:28] 扫描: 167漏包 状态={'launched': 165, 'scheduled': 2} Globe=85 Smart=77
[05-04 01:39:14]   进度: 2/167 (2G+0S) 速率=0/s 失败=2
[05-04 01:39:14] 完成: 2发送(2G+0S) 2失败 耗时345s
[05-04 01:39:14] ==================================================
[05-04 01:39:24] ==================================================
[05-04 01:39:24] 计划管理监控启动
[05-04 01:42:22] 扫描: 167漏包 状态={'launched': 165, 'scheduled': 2} Globe=85 Smart=77
[05-04 01:45:10]   进度: 2/167 (2G+0S) 速率=0/s 失败=2
[05-04 01:45:10] 完成: 2发送(2G+0S) 2失败 耗时347s
[05-04 01:45:10] ==================================================
[05-04 01:45:27] ==================================================
[05-04 01:45:27] 计划管理监控启动
[05-04 01:48:29] 扫描: 167漏包 状态={'launched': 165, 'scheduled': 2} Globe=85 Smart=77
[05-04 01:51:16]   进度: 2/167 (2G+0S) 速率=0/s 失败=2
[05-04 01:51:17] 完成: 2发送(2G+0S) 2失败 耗时350s
[05-04 01:51:17] ==================================================
[05-04 01:51:29] ==================================================
[05-04 01:51:29] 计划管理监控启动
[05-04 01:54:38] 扫描: 167漏包 状态={'launched': 165, 'scheduled': 2} Globe=85 Smart=77
[05-04 01:57:22]   进度: 2/167 (2G+0S) 速率=0/s 失败=4
[05-04 01:57:23] 完成: 2发送(2G+0S) 4失败 耗时353s
[05-04 01:57:23] ==================================================
[05-04 01:57:34] ==================================================
[05-04 01:57:34] 计划管理监控启动
[05-04 02:00:21] 扫描: 167漏包 状态={'launched': 165, 'scheduled': 2} Globe=85 Smart=77
